// Jest Snapshot v1, https://goo.gl/fbAQLP

exports[`<UserArtcileComponent /> should render its children 1`] = `ReactWrapper {}`;
